

================================================================
== Vivado HLS Report for 'singleGUV'
================================================================
* Date:           Thu Jan 09 15:26:25 2020

* Version:        2016.4 (Build 1756540 on Mon Jan 23 19:31:01 MST 2017)
* Project:        new
* Solution:       solution1
* Product family: zynq
* Target device:  xc7z010clg400-1


================================================================
== Performance Estimates
================================================================
+ Timing (ns): 
    * Summary: 
    +--------+-------+----------+------------+
    |  Clock | Target| Estimated| Uncertainty|
    +--------+-------+----------+------------+
    |ap_clk  |  18.00|     15.34|        2.25|
    +--------+-------+----------+------------+

+ Latency (clock cycles): 
    * Summary: 
    +------+------+------+------+---------+
    |   Latency   |   Interval  | Pipeline|
    |  min |  max |  min |  max |   Type  |
    +------+------+------+------+---------+
    |  1437|  1437|  1437|  1437|   none  |
    +------+------+------+------+---------+

    + Detail: 
        * Instance: 
        N/A

        * Loop: 
        +-------------+------+------+----------+-----------+-----------+------+----------+
        |             |   Latency   | Iteration|  Initiation Interval  | Trip |          |
        |  Loop Name  |  min |  max |  Latency |  achieved |   target  | Count| Pipelined|
        +-------------+------+------+----------+-----------+-----------+------+----------+
        |- Loop 1     |  1432|  1432|       179|          -|          -|     8|    no    |
        | + Loop 1.1  |   176|   176|        22|          -|          -|     8|    no    |
        +-------------+------+------+----------+-----------+-----------+------+----------+



================================================================
== Utilization Estimates
================================================================
* Summary: 
+-----------------+---------+-------+-------+-------+
|       Name      | BRAM_18K| DSP48E|   FF  |  LUT  |
+-----------------+---------+-------+-------+-------+
|DSP              |        -|      -|      -|      -|
|Expression       |        -|      -|      0|    383|
|FIFO             |        -|      -|      -|      -|
|Instance         |        -|     14|    933|   2103|
|Memory           |        -|      -|      -|      -|
|Multiplexer      |        -|      -|      -|    230|
|Register         |        -|      -|    638|      -|
+-----------------+---------+-------+-------+-------+
|Total            |        0|     14|   1571|   2716|
+-----------------+---------+-------+-------+-------+
|Available        |      120|     80|  35200|  17600|
+-----------------+---------+-------+-------+-------+
|Utilization (%)  |        0|     17|      4|     15|
+-----------------+---------+-------+-------+-------+

+ Detail: 
    * Instance: 
    +-------------------------+----------------------+---------+-------+-----+------+
    |         Instance        |        Module        | BRAM_18K| DSP48E|  FF |  LUT |
    +-------------------------+----------------------+---------+-------+-----+------+
    |DCT_8x8_2D_dadd_6dEe_U2  |DCT_8x8_2D_dadd_6dEe  |        0|      3|  430|  1130|
    |DCT_8x8_2D_dmul_6eOg_U3  |DCT_8x8_2D_dmul_6eOg  |        0|     11|  275|   558|
    |DCT_8x8_2D_fpext_cud_U1  |DCT_8x8_2D_fpext_cud  |        0|      0|  100|   138|
    |DCT_8x8_2D_fptrunbkb_U0  |DCT_8x8_2D_fptrunbkb  |        0|      0|  128|   277|
    +-------------------------+----------------------+---------+-------+-----+------+
    |Total                    |                      |        0|     14|  933|  2103|
    +-------------------------+----------------------+---------+-------+-----+------+

    * DSP48: 
    N/A

    * Memory: 
    N/A

    * FIFO: 
    N/A

    * Expression: 
    +---------------------+----------+-------+---+----+------------+------------+
    |    Variable Name    | Operation| DSP48E| FF| LUT| Bitwidth P0| Bitwidth P1|
    +---------------------+----------+-------+---+----+------------+------------+
    |tmp_21_fu_256_p2     |     +    |      0|  0|   8|           8|           8|
    |tmp_22_fu_266_p2     |     +    |      0|  0|   8|           8|           8|
    |tmp_23_fu_305_p2     |     +    |      0|  0|   8|           8|           8|
    |tmp_24_fu_315_p2     |     +    |      0|  0|   8|           8|           8|
    |tmp_26_fu_337_p2     |     +    |      0|  0|   8|           8|           8|
    |x_fu_282_p2          |     +    |      0|  0|   4|           4|           1|
    |y_fu_353_p2          |     +    |      0|  0|   4|           4|           1|
    |exitcond1_fu_276_p2  |   icmp   |      0|  0|   2|           4|           5|
    |exitcond_fu_347_p2   |   icmp   |      0|  0|   2|           4|           5|
    |tmp_fu_173_p2        |   icmp   |      0|  0|  11|          32|           1|
    |tmp_i1_fu_185_p2     |   icmp   |      0|  0|   2|           4|           1|
    |tmp_i2_fu_288_p2     |   icmp   |      0|  0|   2|           4|           1|
    |tmp_i3_fu_359_p2     |   icmp   |      0|  0|   2|           4|           1|
    |tmp_i_fu_179_p2      |   icmp   |      0|  0|   2|           4|           1|
    |G_2_in_v_fu_373_p3   |  select  |      0|  0|  64|           1|          64|
    |tmp_12_fu_365_p3     |  select  |      0|  0|  62|           1|          62|
    |tmp_2_fu_294_p3      |  select  |      0|  0|  62|           1|          62|
    |tmp_4_fu_196_p3      |  select  |      0|  0|  62|           1|          62|
    |tmp_6_fu_204_p3      |  select  |      0|  0|  62|           1|          62|
    +---------------------+----------+-------+---+----+------------+------------+
    |Total                |          |      0|  0| 383|         109|         369|
    +---------------------+----------+-------+---+----+------------+------------+

    * Multiplexer: 
    +--------------------+----+-----------+-----+-----------+
    |        Name        | LUT| Input Size| Bits| Total Bits|
    +--------------------+----+-----------+-----+-----------+
    |G_fu_42             |  32|          2|   32|         64|
    |ap_NS_fsm           |  24|         30|    1|         30|
    |cosMat_address0     |   6|          5|    6|         30|
    |grp_fu_135_p0       |  32|          4|   32|        128|
    |grp_fu_144_p0       |  64|          6|   64|        384|
    |grp_fu_144_p1       |  64|          6|   64|        384|
    |x_assign_1_reg_121  |   4|          2|    4|          8|
    |x_assign_reg_110    |   4|          2|    4|          8|
    +--------------------+----+-----------+-----+-----------+
    |Total               | 230|         57|  207|       1036|
    +--------------------+----+-----------+-----+-----------+

    * Register: 
    +-----------------------+----+----+-----+-----------+
    |          Name         | FF | LUT| Bits| Const Bits|
    +-----------------------+----+----+-----+-----------+
    |G_2_in_reg_530         |  64|   0|   64|          0|
    |G_2_in_v_reg_525       |  64|   0|   64|          0|
    |G_fu_42                |  32|   0|   32|          0|
    |ap_CS_fsm              |  29|   0|   29|          0|
    |cosMat_addr_2_reg_492  |   6|   0|    6|          0|
    |cosMat_addr_3_reg_497  |   6|   0|    6|          0|
    |reg_152                |  64|   0|   64|          0|
    |reg_157                |  64|   0|   64|          0|
    |reg_163                |  64|   0|   64|          0|
    |reg_168                |  64|   0|   64|          0|
    |tmp_16_reg_520         |  64|   0|   64|          0|
    |tmp_19_cast_reg_434    |   4|   0|    8|          4|
    |tmp_21_cast_reg_444    |   4|   0|    8|          4|
    |tmp_23_cast_reg_454    |   4|   0|    8|          4|
    |tmp_2_reg_482          |  12|   0|   64|         52|
    |tmp_7_reg_449          |  64|   0|   64|          0|
    |tmp_i1_reg_414         |   1|   0|    1|          0|
    |tmp_i2_reg_477         |   1|   0|    1|          0|
    |tmp_i3_reg_510         |   1|   0|    1|          0|
    |tmp_i_reg_409          |   1|   0|    1|          0|
    |tmp_reg_404            |   1|   0|    1|          0|
    |u_cast1_cast_reg_439   |   4|   0|    8|          4|
    |v_cast2_cast_reg_429   |   4|   0|    8|          4|
    |x_assign_1_reg_121     |   4|   0|    4|          0|
    |x_assign_reg_110       |   4|   0|    4|          0|
    |x_reg_472              |   4|   0|    4|          0|
    |y_reg_505              |   4|   0|    4|          0|
    +-----------------------+----+----+-----+-----------+
    |Total                  | 638|   0|  710|         72|
    +-----------------------+----+----+-----+-----------+



================================================================
== Interface
================================================================
* Summary: 
+-----------------+-----+-----+------------+--------------+--------------+
|    RTL Ports    | Dir | Bits|  Protocol  | Source Object|    C Type    |
+-----------------+-----+-----+------------+--------------+--------------+
|ap_clk           |  in |    1| ap_ctrl_hs |   singleGUV  | return value |
|ap_rst           |  in |    1| ap_ctrl_hs |   singleGUV  | return value |
|ap_start         |  in |    1| ap_ctrl_hs |   singleGUV  | return value |
|ap_done          | out |    1| ap_ctrl_hs |   singleGUV  | return value |
|ap_idle          | out |    1| ap_ctrl_hs |   singleGUV  | return value |
|ap_ready         | out |    1| ap_ctrl_hs |   singleGUV  | return value |
|ap_return        | out |   32| ap_ctrl_hs |   singleGUV  | return value |
|subimg_address0  | out |    6|  ap_memory |    subimg    |     array    |
|subimg_ce0       | out |    1|  ap_memory |    subimg    |     array    |
|subimg_q0        |  in |   32|  ap_memory |    subimg    |     array    |
|u                |  in |    4|   ap_none  |       u      |    scalar    |
|v                |  in |    4|   ap_none  |       v      |    scalar    |
|inv              |  in |   32|   ap_none  |      inv     |    scalar    |
|cosMat_address0  | out |    6|  ap_memory |    cosMat    |     array    |
|cosMat_ce0       | out |    1|  ap_memory |    cosMat    |     array    |
|cosMat_q0        |  in |   32|  ap_memory |    cosMat    |     array    |
+-----------------+-----+-----+------------+--------------+--------------+

